#-----------------------------------------------------------
# Vivado v2021.2 (64-bit)
# SW Build 3367213 on Tue Oct 19 02:47:39 MDT 2021
# IP Build 3369179 on Thu Oct 21 08:25:16 MDT 2021
# Start of session at: Wed Aug  2 17:12:38 2023
# Process ID: 229371
# Current directory: /home/luiscarlos/Desktop/ultra/secure_tiles2/vivado/AES_testing
# Command line: vivado
# Log file: /home/luiscarlos/Desktop/ultra/secure_tiles2/vivado/AES_testing/vivado.log
# Journal file: /home/luiscarlos/Desktop/ultra/secure_tiles2/vivado/AES_testing/vivado.jou
# Running On: luiscarlos-GL552VX, OS: Linux, CPU Frequency: 2600.000 MHz, CPU Physical cores: 4, Host memory: 8213 MB
#-----------------------------------------------------------
start_gui
open_project /home/luiscarlos/Desktop/ultra/secure_tiles2/vivado/AES_testing/vivado_project/project_1.xpr
update_compile_order -fileset sources_1
launch_simulation
open_bd_design {/home/luiscarlos/Desktop/ultra/secure_tiles2/vivado/AES_testing/vivado_project/project_1.srcs/sources_1/bd/design_1/design_1.bd}
regenerate_bd_layout
launch_simulation
get_ips *vip*
launch_simulation
launch_simulation
source AES_AXI_tb.tcl
run 3 us
run 3 us
run 3 us
run 3 us
current_wave_config {Untitled 1}
add_wave {{/AES_AXI_tb/UUT/design_1_i/aes_0/m00_axi}} {{/AES_AXI_tb/UUT/design_1_i/aes_0/s00_axi}} 
run 3 us
run 3 us
run 3 us
run 3 us
run 3 us
run 3 us
run 3 us
run 3 us
run 3 us
run 3 us
run 3 us
run 3 us
run 3 us
run 3 us
run 3 us
run 3 us
run 3 us
relaunch_sim
run 3 us
run 3 us
run 3 us
run 3 us
run 3 us
run 3 us
run 3 us
run 3 us
run 3 us
relaunch_sim
relaunch_sim
run 3 us
run 3 us
run 3 us
run 3 us
git add .
